[backblue.gif]
[fade.gif]
[index.html]
[esp.coppellisd.com/eSchoolPLUS/Scripts/libs/jquery-2.1.1.js]
[esp.coppellisd.com/eSchoolPLUS/Scripts/libs/modernizr-2.8.3.js]
[esp.coppellisd.com/eSchoolPLUS/Scripts/libs/jquery-ui-1.11.1.js]
[esp.coppellisd.com/eSchoolPLUS/Scripts/libs/jquery.unobtrusive-ajax.js]
[esp.coppellisd.com/eSchoolPLUS/Scripts/libs/jquery.validate.js]
[esp.coppellisd.com/eSchoolPLUS/Scripts/libs/jquery.validate.unobtrusive.js]
[esp.coppellisd.com/eSchoolPLUS/Scripts/SunGard/SunGard.jquery.validate.extended.js]
[esp.coppellisd.com/eSchoolPLUS/Scripts/SunGard/mvcfoolproof.unobtrusive.js]
[esp.coppellisd.com/eSchoolPLUS/Scripts/libs/knockout-3.4.0.debug.js]
[esp.coppellisd.com/eSchoolPLUS/Scripts/libs/knockout.mapping-latest.debug.js]
[esp.coppellisd.com/eSchoolPLUS/Scripts/SunGard/SunGard.Common.KnockoutBindings.js]
[esp.coppellisd.com/eSchoolPLUS/Scripts/libs/knockout-es5.js]
[esp.coppellisd.com/eSchoolPLUS/Scripts/Trirand/ui.multiselect.js]
[esp.coppellisd.com/eSchoolPLUS/Scripts/Trirand/jquery.jqgrid.js]
[esp.coppellisd.com/eSchoolPLUS/Scripts/Trirand/i18n/grid.locale-en.js]
[esp.coppellisd.com/eSchoolPLUS/Scripts/SunGard/bootstrap.js]
[esp.coppellisd.com/eSchoolPLUS/Scripts/SunGard/moment.js]
[esp.coppellisd.com/eSchoolPLUS/Scripts/SunGard/select2.js]
[esp.coppellisd.com/eSchoolPLUS/Scripts/SunGard/SunGard.select2.extended.js]
[esp.coppellisd.com/eSchoolPLUS/Scripts/SunGard/spectrum.js]
[esp.coppellisd.com/eSchoolPLUS/Scripts/SunGard/bootstrap-datepicker.js]
[esp.coppellisd.com/eSchoolPLUS/Scripts/SunGard/bootstrap-datetimepicker.js]
[esp.coppellisd.com/eSchoolPLUS/Scripts/SunGard/SunGard.Bootstrap.js]
[esp.coppellisd.com/eSchoolPLUS/Scripts/SunGard/SunGard.Common.js]
[esp.coppellisd.com/eSchoolPLUS/Scripts/SunGard/SunGard.Common.Html.js]
[esp.coppellisd.com/eSchoolPLUS/Scripts/SunGard/SunGard.Common.Validation.js]
[esp.coppellisd.com/eSchoolPLUS/Scripts/SunGard/SunGard.jqgrid.extended.js]
[esp.coppellisd.com/eSchoolPLUS/Scripts/SunGard/SunGard.DynamicLayout.js]
[esp.coppellisd.com/eSchoolPLUS/Scripts/SunGard/SunGard.Common.SGPanelSlider.js]
[esp.coppellisd.com/eSchoolPLUS/Scripts/Common/SunGard.eSchoolPLUS.js]
[esp.coppellisd.com/eSchoolPLUS/Scripts/Common/SunGard.eSchoolPLUS.Bootstrap.js]
[esp.coppellisd.com/eSchoolPLUS/Account/LogOn4915.html]
[esp.coppellisd.com/eSchoolPLUS/Stylesheets/Trirand/ui.jqgrid.css]
[esp.coppellisd.com/eSchoolPLUS/Stylesheets/SunGard/sungard-font-awesome.css]
[esp.coppellisd.com/eSchoolPLUS/Stylesheets/SunGard/select2.png]
[esp.coppellisd.com/eSchoolPLUS/Stylesheets/SunGard/select2-spinner.gif]
[esp.coppellisd.com/eSchoolPLUS/Stylesheets/SunGard/select2x2.png]
[esp.coppellisd.com/eSchoolPLUS/Stylesheets/SunGard/select2.css]
[esp.coppellisd.com/eSchoolPLUS/Stylesheets/SunGard/spectrum.css]
[esp.coppellisd.com/eSchoolPLUS/Media/SunGard/Alerts/alert-user-defined-lg.png]
[esp.coppellisd.com/eSchoolPLUS/Media/SunGard/Alerts/alert-user-defined-med.png]
[esp.coppellisd.com/eSchoolPLUS/Media/SunGard/Banner/user-voice.png]
[esp.coppellisd.com/eSchoolPLUS/Media/SunGard/Common/message-error.png]
[esp.coppellisd.com/eSchoolPLUS/Stylesheets/SunGard/sungard-bootstrap.css]
[esp.coppellisd.com/eSchoolPLUS/Stylesheets/SunGard/sungard-bootstrap-theme.css]
[esp.coppellisd.com/eSchoolPLUS/Media/SunGard/Banner/user-voice-dark-theme.png]
[esp.coppellisd.com/eSchoolPLUS/Stylesheets/SunGard/sungard-default-theme.css]
[esp.coppellisd.com/eSchoolPLUS/Media/Themes/Base/Banner/summer-school-lg.png]
[esp.coppellisd.com/eSchoolPLUS/Stylesheets/eSchoolPLUS-bootstrap.css]
[esp.coppellisd.com/eSchoolPLUS/Stylesheets/site.css]
[esp.coppellisd.com/eSchoolPLUS/Stylesheets/Toolbar/SunGard.QuickSearch.css]
[esp.coppellisd.com/eSchoolPLUS/Stylesheets/Toolbar/SunGard.eSchoolPLUS.Environment.css]
[esp.coppellisd.com/eSchoolPLUS/Stylesheets/SunGard/sungard-theme-options.css]
[esp.coppellisd.com/eSchoolPLUS/Stylesheets/Account/LogOn.css]
[esp.coppellisd.com/eSchoolPLUS/Stylesheets/SunGard/sungard-login.css]
